Found classes: ['Camo Animals']
Number of images: 10
Using device: cuda
